#-----------------------------------------------------------
# Vivado v2023.2 (64-bit)
# SW Build 4029153 on Fri Oct 13 20:14:34 MDT 2023
# IP Build 4028589 on Sat Oct 14 00:45:43 MDT 2023
# SharedData Build 4025554 on Tue Oct 10 17:18:54 MDT 2023
# Start of session at: Mon Apr 22 17:30:10 2024
# Process ID: 6784
# Current directory: C:/Users/dunge/Desktop/Systemy Rekonfigurowalne/Lab6/rgb2ycbcr/rgb2ycbcr.runs/c_add_128_synth_1
# Command line: vivado.exe -log c_add_128.vds -product Vivado -mode batch -messageDb vivado.pb -notrace -source c_add_128.tcl
# Log file: C:/Users/dunge/Desktop/Systemy Rekonfigurowalne/Lab6/rgb2ycbcr/rgb2ycbcr.runs/c_add_128_synth_1/c_add_128.vds
# Journal file: C:/Users/dunge/Desktop/Systemy Rekonfigurowalne/Lab6/rgb2ycbcr/rgb2ycbcr.runs/c_add_128_synth_1\vivado.jou
# Running On: DESKTOP-4SO6743, OS: Windows, CPU Frequency: 1297 MHz, CPU Physical cores: 2, Host memory: 8500 MB
#-----------------------------------------------------------
source c_add_128.tcl -notrace
